// Jest Snapshot v1, https://goo.gl/fbAQLP

exports[`studentActions setStudent 1`] = `
Object {
  "payload": undefined,
  "type": "SET_STUDENT",
}
`;
